<area shape="rect" href="fig11_4.html" title="fig11_4" alt="" coords="8,8,98,56">
<area shape="rect" href="fig11_5.html" title="fig11_5" alt="" coords="122,8,213,56">
<area shape="rect" href="fig13_1.html" title="fig13_1" alt="" coords="237,8,328,56">
<area shape="rect" href="fig2_2.html" title="fig2_2" alt="" coords="352,8,434,56">
<area shape="rect" href="fig2_3.html" title="fig2_3" alt="" coords="458,8,541,56">
<area shape="rect" href="fig2_4.html" title="fig2_4" alt="" coords="565,8,648,56">
<area shape="rect" href="fig2_5.html" title="fig2_5" alt="" coords="672,8,754,56">
<area shape="rect" href="fig2_7.html" title="fig2_7" alt="" coords="778,8,861,56">
<area shape="rect" href="fig3_1.html" title="fig3_1" alt="" coords="885,8,968,56">
<area shape="rect" href="fig4_1.html" title="fig4_1" alt="" coords="992,8,1074,56">
<area shape="rect" href="fig4_2.html" title="fig4_2" alt="" coords="1098,8,1181,56">
<area shape="rect" href="fig4_3.html" title="fig4_3" alt="" coords="1205,8,1288,56">
<area shape="rect" href="fig4_4.html" title="fig4_4" alt="" coords="1312,8,1394,56">
<area shape="rect" href="fig5_1.html" title="fig5_1" alt="" coords="1418,8,1501,56">
<area shape="rect" href="fig5_2.html" title="fig5_2" alt="" coords="1525,8,1608,56">
<area shape="rect" href="fig5_3.html" title="fig5_3" alt="" coords="1632,8,1714,56">
<area shape="rect" href="fig5_4.html" title="fig5_4" alt="" coords="1738,8,1821,56">
<area shape="rect" href="fig6_1.html" title="fig6_1" alt="" coords="1845,8,1928,56">
<area shape="rect" href="fig6_2.html" title="fig6_2" alt="" coords="1952,8,2034,56">
<area shape="rect" href="fig6_3.html" title="fig6_3" alt="" coords="2058,8,2141,56">
<area shape="rect" href="fig6_4.html" title="fig6_4" alt="" coords="2165,8,2248,56">
<area shape="rect" href="fig6_5.html" title="fig6_5" alt="" coords="2272,8,2354,56">
<area shape="rect" href="fig6_6.html" title="fig6_6" alt="" coords="2378,8,2461,56">
<area shape="rect" href="fig6_7.html" title="fig6_7" alt="" coords="2485,8,2568,56">
<area shape="rect" href="fig7_1.html" title="fig7_1" alt="" coords="2592,8,2674,56">
<area shape="rect" href="fig7_2.html" title="fig7_2" alt="" coords="2698,8,2781,56">
<area shape="rect" href="fig7_3.html" title="fig7_3" alt="" coords="2805,8,2888,56">
<area shape="rect" href="fig7_4.html" title="fig7_4" alt="" coords="2912,8,2994,56">
<area shape="rect" href="fig8_1.html" title="fig8_1" alt="" coords="3018,8,3101,56">
<area shape="rect" href="fig8_2.html" title="fig8_2" alt="" coords="3125,8,3208,56">
<area shape="rect" href="fig8_3.html" title="fig8_3" alt="" coords="3232,8,3314,56">
<area shape="rect" href="fig9_1.html" title="fig9_1" alt="" coords="3338,8,3421,56">
<area shape="rect" href="fig9_2.html" title="fig9_2" alt="" coords="3445,8,3528,56">
